// Jest Snapshot v1, https://goo.gl/fbAQLP

exports[`ProjectInfo should render without errors 1`] = `
<div>
  <div
    class="ProjectInfo__ProjectInfoContainer-nswi3l-0 ipQHJH"
    style="opacity: 0; height: 0%;"
  >
    <p
      class="ProjectInfo__InfoP-nswi3l-1 hlATVn"
    >
      The client's goal was to limit their reliance on Shopify by having a custom site and use images to tell their story. It was fun implementing a design file into a pixel-perfect responsive site and managing state for checkout. Roadmap is to migrate to Nextjs and add route animations.
      <a
        class="ProjectInfo__ProjectLink-nswi3l-2 ihHhvI"
        href="http://whidbeyherbal.com"
        target="_blank"
      >
        Visit the website 
        <svg
          aria-hidden="true"
          class="svg-inline--fa fa-arrow-right fa-w-14 "
          data-icon="arrow-right"
          data-prefix="fas"
          focusable="false"
          role="img"
          viewBox="0 0 448 512"
          xmlns="http://www.w3.org/2000/svg"
        >
          <path
            d="M190.5 66.9l22.2-22.2c9.4-9.4 24.6-9.4 33.9 0L441 239c9.4 9.4 9.4 24.6 0 33.9L246.6 467.3c-9.4 9.4-24.6 9.4-33.9 0l-22.2-22.2c-9.5-9.5-9.3-25 .4-34.3L311.4 296H24c-13.3 0-24-10.7-24-24v-32c0-13.3 10.7-24 24-24h287.4L190.9 101.2c-9.8-9.3-10-24.8-.4-34.3z"
            fill="currentColor"
          />
        </svg>
      </a>
    </p>
  </div>
</div>
`;
